#-----------------------------------------------------------
# Vivado v2020.2 (64-bit)
# SW Build 3064766 on Wed Nov 18 09:12:45 MST 2020
# IP Build 3064653 on Wed Nov 18 14:17:31 MST 2020
# Start of session at: Sun Mar 30 11:07:35 2025
# Process ID: 1792
# Current directory: C:/Users/parkj/Desktop/TESTTEST_2/250325_Uart_Sensor/project_3
# Command line: vivado.exe -gui_launcher_event rodinguilauncherevent15928 C:\Users\parkj\Desktop\TESTTEST_2\250325_Uart_Sensor\project_3\project_3.xpr
# Log file: C:/Users/parkj/Desktop/TESTTEST_2/250325_Uart_Sensor/project_3/vivado.log
# Journal file: C:/Users/parkj/Desktop/TESTTEST_2/250325_Uart_Sensor/project_3\vivado.jou
#-----------------------------------------------------------
start_gui
open_project C:/Users/parkj/Desktop/TESTTEST_2/250325_Uart_Sensor/project_3/project_3.xpr
update_compile_order -fileset sources_1
synth_design -rtl -rtl_skip_mlo -name rtl_1
write_schematic -format pdf -orientation portrait C:/Users/parkj/Desktop/schematic.pdf
write_schematic -format pdf -orientation portrait C:/Users/parkj/Desktop/schematic_all.pdf
