#-----------------------------------------------------------
# Vivado v2020.2 (64-bit)
# SW Build 3064766 on Wed Nov 18 09:12:45 MST 2020
# IP Build 3064653 on Wed Nov 18 14:17:31 MST 2020
# Start of session at: Sun Mar 30 11:05:55 2025
# Process ID: 7360
# Current directory: C:/Users/parkj/Desktop/TESTTEST_2/250325_Uart_Sensor/project_3
# Command line: vivado.exe -gui_launcher_event rodinguilauncherevent23460 C:\Users\parkj\Desktop\TESTTEST_2\250325_Uart_Sensor\project_3\project_3.xpr
# Log file: C:/Users/parkj/Desktop/TESTTEST_2/250325_Uart_Sensor/project_3/vivado.log
# Journal file: C:/Users/parkj/Desktop/TESTTEST_2/250325_Uart_Sensor/project_3\vivado.jou
#-----------------------------------------------------------
start_gui
open_project C:/Users/parkj/Desktop/TESTTEST_2/250325_Uart_Sensor/project_3/project_3.xpr
update_compile_order -fileset sources_1
xhub::uninstall [xhub::get_xitems digilentinc.com:xilinx_board_store:basys3:1.1]
set_param board.repoPaths {C:/Users/parkj/AppData/Roaming/Xilinx/Vivado/2020.2/xhub/board_store/xilinx_board_store}
xhub::install [xhub::get_xitems digilentinc.com:xilinx_board_store:basys3:1.1]
close_project
create_project project_4 C:/250316_plz/project_4 -part xc7vx485tffg1157-1
