#-----------------------------------------------------------
# Vivado v2020.2 (64-bit)
# SW Build 3064766 on Wed Nov 18 09:12:45 MST 2020
# IP Build 3064653 on Wed Nov 18 14:17:31 MST 2020
# Start of session at: Mon Mar 31 08:56:15 2025
# Process ID: 5160
# Current directory: C:/Users/kccistc/Desktop/Verilog_Project3_Sensor/project_3
# Command line: vivado.exe -gui_launcher_event rodinguilauncherevent15696 C:\Users\kccistc\Desktop\Verilog_Project3_Sensor\project_3\project_3.xpr
# Log file: C:/Users/kccistc/Desktop/Verilog_Project3_Sensor/project_3/vivado.log
# Journal file: C:/Users/kccistc/Desktop/Verilog_Project3_Sensor/project_3\vivado.jou
#-----------------------------------------------------------
start_gui
open_project C:/Users/kccistc/Desktop/Verilog_Project3_Sensor/project_3/project_3.xpr
update_compile_order -fileset sources_1
export_ip_user_files -of_objects  [get_files C:/../verilog/Basys-3-Master.xdc] -no_script -reset -force -quiet
remove_files  -fileset constrs_1 C:/../verilog/Basys-3-Master.xdc
add_files -fileset constrs_1 -norecurse D:/XDC/Basys-3-Master.xdc
synth_design -rtl -rtl_skip_mlo -name rtl_1
reset_run synth_1
launch_runs impl_1 -to_step write_bitstream -jobs 8
wait_on_run impl_1
