#-----------------------------------------------------------
# Vivado v2020.2 (64-bit)
# SW Build 3064766 on Wed Nov 18 09:12:45 MST 2020
# IP Build 3064653 on Wed Nov 18 14:17:31 MST 2020
# Start of session at: Tue Mar 25 12:14:18 2025
# Process ID: 15544
# Current directory: C:/Users/kccistc/Desktop/250325_Verilog_Project3/250325_Uart_Sensor/project_1
# Command line: vivado.exe -gui_launcher_event rodinguilauncherevent15120 C:\Users\kccistc\Desktop\250325_Verilog_Project3\250325_Uart_Sensor\project_1\project_1.xpr
# Log file: C:/Users/kccistc/Desktop/250325_Verilog_Project3/250325_Uart_Sensor/project_1/vivado.log
# Journal file: C:/Users/kccistc/Desktop/250325_Verilog_Project3/250325_Uart_Sensor/project_1\vivado.jou
#-----------------------------------------------------------
start_gui
open_project C:/Users/kccistc/Desktop/250325_Verilog_Project3/250325_Uart_Sensor/project_1/project_1.xpr
update_compile_order -fileset sources_1
synth_design -rtl -rtl_skip_mlo -name rtl_1
refresh_design
refresh_design
reset_run synth_1
launch_runs impl_1 -to_step write_bitstream -jobs 8
wait_on_run impl_1
reset_run impl_1
